// Jest Snapshot v1, https://goo.gl/fbAQLP

exports[`HarborServicesFields renders normally 1`] = `
Array [
  <div
    class="row"
  >
    <div>
      <div
        class="formTypeTitleLabel"
      >
        Tietue
      </div>
      <div
        class="formTypeTitleValue"
      >
        Satamapalvelut
      </div>
    </div>
  </div>,
  <hr />,
  <div
    class="grid cols1 row"
  >
    <div
      class="Dropdown-module_root__2LI4- Dropdown-module_disabled__2ej9O select"
    >
      <label
        class="FieldLabel-module_label__2tl-4 text-input_hds-text-input__label__pDw_W "
        for="service-toggle-button"
        id="service-label"
      >
        Palvelu
        <span
          class="RequiredIndicator-module_indicator__Pt7GX"
        >
          *
        </span>
      </label>
      <div
        class="Dropdown-module_wrapper__1oIw5"
      >
        <button
          aria-expanded="false"
          aria-haspopup="listbox"
          aria-labelledby="service-label service-toggle-button"
          class="Dropdown-module_buttonDropdown__IwbnQ Dropdown-module_dropdown__22ZdF"
          disabled=""
          id="service-toggle-button"
          type="button"
        >
          <span
            class="Dropdown-module_buttonLabel__2jVRU"
          >
            Kiinnitys
          </span>
          <svg
            class="Icon-module_icon__1Jtzj icon_hds-icon__1YqNC Icon-module_s__2WGWe icon_hds-icon--size-s__2Lkik Dropdown-module_angleIcon__1Y1mT"
            viewBox="0 0 24 24"
            xmlns="http://www.w3.org/2000/svg"
          >
            <g
              fill="none"
              fill-rule="evenodd"
            >
              <path
                d="M0 0h24v24H0z"
              />
              <path
                d="M12 13.5l5-5 1.5 1.5-6.5 6.5L5.5 10 7 8.5z"
                fill="currentColor"
              />
            </g>
          </svg>
        </button>
      </div>
      <ul
        aria-labelledby="service-label"
        class="Dropdown-module_menu__3rei6 Dropdown-module_overflow__I5ddb"
        id="service-menu"
        role="listbox"
        style="max-height: calc(var(--dropdown-height) * 5);"
        tabindex="-1"
      />
    </div>
  </div>,
  <div
    class="grid cols2 row"
  >
    <div
      class="TextInput-module_root__1ceal text-input_hds-text-input__24bl6"
    >
      <label
        class="FieldLabel-module_label__2tl-4 text-input_hds-text-input__label__pDw_W "
        for="price"
      >
        Hinta
        <span
          class="RequiredIndicator-module_indicator__Pt7GX"
        >
          *
        </span>
      </label>
      <div
        class="TextInput-module_inputWrapper__1ru3h text-input_hds-text-input__input-wrapper__2p7Uy"
      >
        <input
          class="TextInput-module_input__35GDy text-input_hds-text-input__input__2XAyI"
          id="price"
          name="price"
          required=""
          type="text"
          value="28"
        />
      </div>
    </div>
    <div
      class="Dropdown-module_root__2LI4- select"
    >
      <label
        class="FieldLabel-module_label__2tl-4 text-input_hds-text-input__label__pDw_W "
        for="unit-toggle-button"
        id="unit-label"
      >
        Yksikk√∂
      </label>
      <div
        class="Dropdown-module_wrapper__1oIw5"
      >
        <button
          aria-expanded="false"
          aria-haspopup="listbox"
          aria-labelledby="unit-label unit-toggle-button"
          class="Dropdown-module_buttonDropdown__IwbnQ Dropdown-module_dropdown__22ZdF"
          id="unit-toggle-button"
          type="button"
        >
          <span
            class="Dropdown-module_buttonLabel__2jVRU"
          >
            %
          </span>
          <svg
            class="Icon-module_icon__1Jtzj icon_hds-icon__1YqNC Icon-module_s__2WGWe icon_hds-icon--size-s__2Lkik Dropdown-module_angleIcon__1Y1mT"
            viewBox="0 0 24 24"
            xmlns="http://www.w3.org/2000/svg"
          >
            <g
              fill="none"
              fill-rule="evenodd"
            >
              <path
                d="M0 0h24v24H0z"
              />
              <path
                d="M12 13.5l5-5 1.5 1.5-6.5 6.5L5.5 10 7 8.5z"
                fill="currentColor"
              />
            </g>
          </svg>
        </button>
      </div>
      <ul
        aria-labelledby="unit-label"
        class="Dropdown-module_menu__3rei6"
        id="unit-menu"
        role="listbox"
        style="max-height: calc(var(--dropdown-height) * 5);"
        tabindex="-1"
      />
    </div>
  </div>,
  <div
    class="grid cols2 row"
  >
    <div
      class="Dropdown-module_root__2LI4- Dropdown-module_disabled__2ej9O select"
    >
      <label
        class="FieldLabel-module_label__2tl-4 text-input_hds-text-input__label__pDw_W "
        for="period-toggle-button"
        id="period-label"
      >
        Aika
      </label>
      <div
        class="Dropdown-module_wrapper__1oIw5"
      >
        <button
          aria-expanded="false"
          aria-haspopup="listbox"
          aria-labelledby="period-label period-toggle-button"
          class="Dropdown-module_buttonDropdown__IwbnQ Dropdown-module_dropdown__22ZdF"
          disabled=""
          id="period-toggle-button"
          type="button"
        >
          <span
            class="Dropdown-module_buttonLabel__2jVRU"
          >
            Kausi
          </span>
          <svg
            class="Icon-module_icon__1Jtzj icon_hds-icon__1YqNC Icon-module_s__2WGWe icon_hds-icon--size-s__2Lkik Dropdown-module_angleIcon__1Y1mT"
            viewBox="0 0 24 24"
            xmlns="http://www.w3.org/2000/svg"
          >
            <g
              fill="none"
              fill-rule="evenodd"
            >
              <path
                d="M0 0h24v24H0z"
              />
              <path
                d="M12 13.5l5-5 1.5 1.5-6.5 6.5L5.5 10 7 8.5z"
                fill="currentColor"
              />
            </g>
          </svg>
        </button>
      </div>
      <ul
        aria-labelledby="period-label"
        class="Dropdown-module_menu__3rei6"
        id="period-menu"
        role="listbox"
        style="max-height: calc(var(--dropdown-height) * 5);"
        tabindex="-1"
      />
    </div>
  </div>,
]
`;
